      create  
      create  config
      create  doc
      create  lib
      create  script
      create  tasks
      create  lib/my_project
      create  History.txt
      create  Rakefile
      create  README.rdoc
      create  PostInstall.txt
      create  setup.rb
      create  lib/my_project.rb
      create  lib/my_project/version.rb
      create  config/hoe.rb
      create  config/requirements.rb
      create  tasks/deployment.rake
      create  tasks/environment.rake
      create  tasks/website.rake
  dependency  install_test_unit
      create    test
      create    test/test_helper.rb
      create    test/test_my_project.rb
  dependency  install_website
      create    website/javascripts
      create    website/stylesheets
      exists    script
      exists    tasks
      create    website/index.txt
      create    website/index.html
      create    script/txt2html
       force    tasks/website.rake
  dependency    plain_theme
      exists      website/javascripts
      exists      website/stylesheets
      create      website/template.html.erb
      create      website/stylesheets/screen.css
      create      website/javascripts/rounded_corners_lite.inc.js
  dependency  install_rubigen_scripts
      exists    script
      create    script/generate
      create    script/destroy
      create  script/console
      create  Manifest.txt
      readme  readme
Important
=========

* Open config/hoe.rb
* Update missing details (gem description, dependent gems, etc.)
